I'm sorry, but errors were detected in your script. Please correct the
errors listed below, and try again.


File "game/screens.rpy", line 480: keyword argument 'xalign' appears more than once in a textbutton statement.
    xalign 0.5 text_size 26
          ^

Ren'Py Version: Ren'Py 8.3.7.25031702
Sat May 23 15:32:59 2026
